{
  "entries" : [
    {
      "iteration" : 0
    },
    {
      "iteration" : 1,
      "pitch" : 233.11518859863281
    },
    {
      "iteration" : 2,
      "pitch" : 233.36262512207031
    },
    {
      "iteration" : 3,
      "pitch" : 233.36044311523438
    },
    {
      "iteration" : 4,
      "pitch" : 233.25286865234375
    },
    {
      "iteration" : 5,
      "pitch" : 233.29458618164062
    },
    {
      "iteration" : 6,
      "pitch" : 233.04714965820312
    },
    {
      "iteration" : 7,
      "pitch" : 233.22514343261719
    },
    {
      "iteration" : 8,
      "pitch" : 233.4661865234375
    },
    {
      "iteration" : 9,
      "pitch" : 233.11666870117188
    },
    {
      "iteration" : 10,
      "pitch" : 232.82431030273438
    },
    {
      "iteration" : 11,
      "pitch" : 233.05152893066406
    },
    {
      "iteration" : 12,
      "pitch" : 233.40327453613281
    },
    {
      "iteration" : 13
    },
    {
      "iteration" : 14
    },
    {
      "iteration" : 15
    },
    {
      "iteration" : 16
    },
    {
      "iteration" : 17
    },
    {
      "iteration" : 18
    },
    {
      "iteration" : 19
    },
    {
      "iteration" : 20
    },
    {
      "iteration" : 21
    },
    {
      "iteration" : 22
    },
    {
      "iteration" : 23
    },
    {
      "iteration" : 24
    },
    {
      "iteration" : 25
    }
  ]
}