{
  "entries" : [
    {
      "iteration" : 0
    },
    {
      "iteration" : 1,
      "pitch" : 141.81771850585938
    },
    {
      "iteration" : 2,
      "pitch" : 138.69998168945312
    },
    {
      "iteration" : 3,
      "pitch" : 138.37956237792969
    },
    {
      "iteration" : 4,
      "pitch" : 138.66007995605469
    },
    {
      "iteration" : 5,
      "pitch" : 138.51910400390625
    },
    {
      "iteration" : 6,
      "pitch" : 138.31475830078125
    },
    {
      "iteration" : 7,
      "pitch" : 138.33441162109375
    },
    {
      "iteration" : 8,
      "pitch" : 138.5887451171875
    },
    {
      "iteration" : 9,
      "pitch" : 138.31819152832031
    },
    {
      "iteration" : 10,
      "pitch" : 138.28781127929688
    },
    {
      "iteration" : 11,
      "pitch" : 138.41522216796875
    },
    {
      "iteration" : 12,
      "pitch" : 138.30307006835938
    },
    {
      "iteration" : 13,
      "pitch" : 138.28262329101562
    },
    {
      "iteration" : 14,
      "pitch" : 138.37046813964844
    },
    {
      "iteration" : 15,
      "pitch" : 138.439208984375
    },
    {
      "iteration" : 16,
      "pitch" : 138.41452026367188
    },
    {
      "iteration" : 17,
      "pitch" : 138.422119140625
    },
    {
      "iteration" : 18,
      "pitch" : 138.53974914550781
    },
    {
      "iteration" : 19
    },
    {
      "iteration" : 20
    },
    {
      "iteration" : 21
    },
    {
      "iteration" : 22
    },
    {
      "iteration" : 23
    },
    {
      "iteration" : 24
    },
    {
      "iteration" : 25
    }
  ]
}