{
  "entries" : [
    {
      "iteration" : 0
    },
    {
      "iteration" : 1,
      "pitch" : 92.570411682128906
    },
    {
      "iteration" : 2,
      "pitch" : 92.668106079101562
    },
    {
      "iteration" : 3,
      "pitch" : 92.131637573242188
    },
    {
      "iteration" : 4,
      "pitch" : 92.180778503417969
    },
    {
      "iteration" : 5,
      "pitch" : 92.326469421386719
    },
    {
      "iteration" : 6,
      "pitch" : 92.186866760253906
    },
    {
      "iteration" : 7,
      "pitch" : 92.091323852539062
    },
    {
      "iteration" : 8,
      "pitch" : 92.323394775390625
    },
    {
      "iteration" : 9,
      "pitch" : 92.152618408203125
    },
    {
      "iteration" : 10,
      "pitch" : 92.285942077636719
    },
    {
      "iteration" : 11,
      "pitch" : 92.111953735351562
    },
    {
      "iteration" : 12,
      "pitch" : 92.141410827636719
    },
    {
      "iteration" : 13,
      "pitch" : 92.308494567871094
    },
    {
      "iteration" : 14,
      "pitch" : 92.3817138671875
    },
    {
      "iteration" : 15,
      "pitch" : 92.409446716308594
    },
    {
      "iteration" : 16,
      "pitch" : 92.084175109863281
    },
    {
      "iteration" : 17,
      "pitch" : 92.362869262695312
    },
    {
      "iteration" : 18,
      "pitch" : 92.304832458496094
    },
    {
      "iteration" : 19,
      "pitch" : 92.425422668457031
    },
    {
      "iteration" : 20,
      "pitch" : 92.304466247558594
    },
    {
      "iteration" : 21,
      "pitch" : 92.041877746582031
    },
    {
      "iteration" : 22,
      "pitch" : 92.09375
    },
    {
      "iteration" : 23,
      "pitch" : 92.028800964355469
    },
    {
      "iteration" : 24,
      "pitch" : 92.292137145996094
    },
    {
      "iteration" : 25
    }
  ]
}