{
  "entries" : [
    {
      "iteration" : 0
    },
    {
      "iteration" : 1
    },
    {
      "iteration" : 2,
      "pitch" : 30.67182731628418
    },
    {
      "iteration" : 3,
      "pitch" : 30.748708724975586
    },
    {
      "iteration" : 4,
      "pitch" : 30.892856597900391
    },
    {
      "iteration" : 5,
      "pitch" : 30.836980819702148
    },
    {
      "iteration" : 6,
      "pitch" : 30.776166915893555
    },
    {
      "iteration" : 7,
      "pitch" : 30.893762588500977
    },
    {
      "iteration" : 8,
      "pitch" : 30.839288711547852
    },
    {
      "iteration" : 9,
      "pitch" : 30.879570007324219
    },
    {
      "iteration" : 10,
      "pitch" : 30.727317810058594
    },
    {
      "iteration" : 11,
      "pitch" : 30.907875061035156
    },
    {
      "iteration" : 12,
      "pitch" : 30.739238739013672
    },
    {
      "iteration" : 13,
      "pitch" : 30.846612930297852
    },
    {
      "iteration" : 14,
      "pitch" : 30.877679824829102
    },
    {
      "iteration" : 15,
      "pitch" : 30.801263809204102
    },
    {
      "iteration" : 16,
      "pitch" : 30.860652923583984
    },
    {
      "iteration" : 17,
      "pitch" : 30.784753799438477
    },
    {
      "iteration" : 18,
      "pitch" : 30.868221282958984
    },
    {
      "iteration" : 19,
      "pitch" : 30.685752868652344
    },
    {
      "iteration" : 20,
      "pitch" : 30.860759735107422
    },
    {
      "iteration" : 21,
      "pitch" : 30.844001770019531
    },
    {
      "iteration" : 22,
      "pitch" : 30.96942138671875
    },
    {
      "iteration" : 23,
      "pitch" : 30.873729705810547
    },
    {
      "iteration" : 24,
      "pitch" : 30.781162261962891
    },
    {
      "iteration" : 25,
      "pitch" : 30.88995361328125
    }
  ]
}