{
  "entries" : [
    {
      "iteration" : 0
    },
    {
      "iteration" : 1,
      "pitch" : 2074.750244140625
    },
    {
      "iteration" : 2,
      "pitch" : 294.04571533203125
    },
    {
      "iteration" : 3,
      "pitch" : 294.130859375
    },
    {
      "iteration" : 4,
      "pitch" : 293.93008422851562
    },
    {
      "iteration" : 5,
      "pitch" : 293.80679321289062
    },
    {
      "iteration" : 6,
      "pitch" : 294.41775512695312
    },
    {
      "iteration" : 7,
      "pitch" : 293.88681030273438
    },
    {
      "iteration" : 8,
      "pitch" : 293.86447143554688
    },
    {
      "iteration" : 9,
      "pitch" : 293.651123046875
    },
    {
      "iteration" : 10,
      "pitch" : 293.54461669921875
    },
    {
      "iteration" : 11,
      "pitch" : 293.75991821289062
    },
    {
      "iteration" : 12,
      "pitch" : 293.5263671875
    },
    {
      "iteration" : 13,
      "pitch" : 294.00128173828125
    },
    {
      "iteration" : 14
    },
    {
      "iteration" : 15
    },
    {
      "iteration" : 16
    },
    {
      "iteration" : 17
    },
    {
      "iteration" : 18
    },
    {
      "iteration" : 19
    },
    {
      "iteration" : 20
    },
    {
      "iteration" : 21
    },
    {
      "iteration" : 22
    },
    {
      "iteration" : 23
    },
    {
      "iteration" : 24
    },
    {
      "iteration" : 25
    }
  ]
}