{
  "entries" : [
    {
      "iteration" : 0
    },
    {
      "iteration" : 1
    },
    {
      "iteration" : 2,
      "pitch" : 146.67153930664062
    },
    {
      "iteration" : 3,
      "pitch" : 146.78868103027344
    },
    {
      "iteration" : 4,
      "pitch" : 146.97611999511719
    },
    {
      "iteration" : 5,
      "pitch" : 147.07347106933594
    },
    {
      "iteration" : 6,
      "pitch" : 146.78623962402344
    },
    {
      "iteration" : 7,
      "pitch" : 146.75508117675781
    },
    {
      "iteration" : 8,
      "pitch" : 146.61257934570312
    },
    {
      "iteration" : 9,
      "pitch" : 146.9263916015625
    },
    {
      "iteration" : 10,
      "pitch" : 146.74174499511719
    },
    {
      "iteration" : 11,
      "pitch" : 146.7816162109375
    },
    {
      "iteration" : 12,
      "pitch" : 146.738525390625
    },
    {
      "iteration" : 13,
      "pitch" : 147.10302734375
    },
    {
      "iteration" : 14,
      "pitch" : 146.92013549804688
    },
    {
      "iteration" : 15,
      "pitch" : 146.49449157714844
    },
    {
      "iteration" : 16
    },
    {
      "iteration" : 17
    },
    {
      "iteration" : 18
    },
    {
      "iteration" : 19
    },
    {
      "iteration" : 20
    },
    {
      "iteration" : 21
    },
    {
      "iteration" : 22
    },
    {
      "iteration" : 23
    },
    {
      "iteration" : 24
    },
    {
      "iteration" : 25
    }
  ]
}