{
  "entries" : [
    {
      "iteration" : 0
    },
    {
      "iteration" : 1
    },
    {
      "iteration" : 2,
      "pitch" : 277.94769287109375
    },
    {
      "iteration" : 3,
      "pitch" : 277.36666870117188
    },
    {
      "iteration" : 4,
      "pitch" : 277.75625610351562
    },
    {
      "iteration" : 5,
      "pitch" : 278.62258911132812
    },
    {
      "iteration" : 6,
      "pitch" : 278.7061767578125
    },
    {
      "iteration" : 7,
      "pitch" : 277.67767333984375
    },
    {
      "iteration" : 8,
      "pitch" : 277.90130615234375
    },
    {
      "iteration" : 9,
      "pitch" : 277.1053466796875
    },
    {
      "iteration" : 10,
      "pitch" : 277.36953735351562
    },
    {
      "iteration" : 11,
      "pitch" : 277.39181518554688
    },
    {
      "iteration" : 12,
      "pitch" : 277.5025634765625
    },
    {
      "iteration" : 13,
      "pitch" : 277.4036865234375
    },
    {
      "iteration" : 14,
      "pitch" : 277.22637939453125
    },
    {
      "iteration" : 15
    },
    {
      "iteration" : 16
    },
    {
      "iteration" : 17
    },
    {
      "iteration" : 18
    },
    {
      "iteration" : 19
    },
    {
      "iteration" : 20
    },
    {
      "iteration" : 21
    },
    {
      "iteration" : 22
    },
    {
      "iteration" : 23
    },
    {
      "iteration" : 24
    },
    {
      "iteration" : 25
    }
  ]
}