{
  "entries" : [
    {
      "iteration" : 0
    },
    {
      "iteration" : 1,
      "pitch" : 155.6519775390625
    },
    {
      "iteration" : 2,
      "pitch" : 155.35812377929688
    },
    {
      "iteration" : 3,
      "pitch" : 155.46890258789062
    },
    {
      "iteration" : 4,
      "pitch" : 155.61051940917969
    },
    {
      "iteration" : 5,
      "pitch" : 155.67306518554688
    },
    {
      "iteration" : 6,
      "pitch" : 155.50080871582031
    },
    {
      "iteration" : 7,
      "pitch" : 155.56422424316406
    },
    {
      "iteration" : 8,
      "pitch" : 155.50538635253906
    },
    {
      "iteration" : 9,
      "pitch" : 155.52626037597656
    },
    {
      "iteration" : 10,
      "pitch" : 155.50276184082031
    },
    {
      "iteration" : 11,
      "pitch" : 155.6470947265625
    },
    {
      "iteration" : 12,
      "pitch" : 155.53109741210938
    },
    {
      "iteration" : 13,
      "pitch" : 155.38407897949219
    },
    {
      "iteration" : 14,
      "pitch" : 155.5283203125
    },
    {
      "iteration" : 15,
      "pitch" : 155.54217529296875
    },
    {
      "iteration" : 16,
      "pitch" : 155.45625305175781
    },
    {
      "iteration" : 17,
      "pitch" : 155.49749755859375
    },
    {
      "iteration" : 18,
      "pitch" : 155.63397216796875
    },
    {
      "iteration" : 19,
      "pitch" : 155.50466918945312
    },
    {
      "iteration" : 20,
      "pitch" : 155.79048156738281
    },
    {
      "iteration" : 21,
      "pitch" : 155.7681884765625
    },
    {
      "iteration" : 22
    },
    {
      "iteration" : 23
    },
    {
      "iteration" : 24
    },
    {
      "iteration" : 25
    }
  ]
}