{
  "entries" : [
    {
      "iteration" : 0
    },
    {
      "iteration" : 1,
      "pitch" : 81.827346801757812
    },
    {
      "iteration" : 2,
      "pitch" : 82.246353149414062
    },
    {
      "iteration" : 3,
      "pitch" : 82.27264404296875
    },
    {
      "iteration" : 4,
      "pitch" : 82.155220031738281
    },
    {
      "iteration" : 5,
      "pitch" : 82.4083251953125
    },
    {
      "iteration" : 6,
      "pitch" : 82.059371948242188
    },
    {
      "iteration" : 7,
      "pitch" : 82.229591369628906
    },
    {
      "iteration" : 8,
      "pitch" : 82.36297607421875
    },
    {
      "iteration" : 9,
      "pitch" : 82.364151000976562
    },
    {
      "iteration" : 10,
      "pitch" : 82.066780090332031
    },
    {
      "iteration" : 11,
      "pitch" : 82.094161987304688
    },
    {
      "iteration" : 12,
      "pitch" : 82.358924865722656
    },
    {
      "iteration" : 13,
      "pitch" : 82.410621643066406
    },
    {
      "iteration" : 14,
      "pitch" : 82.095054626464844
    },
    {
      "iteration" : 15,
      "pitch" : 82.203376770019531
    },
    {
      "iteration" : 16,
      "pitch" : 82.129508972167969
    },
    {
      "iteration" : 17,
      "pitch" : 82.431488037109375
    },
    {
      "iteration" : 18,
      "pitch" : 82.02069091796875
    },
    {
      "iteration" : 19,
      "pitch" : 82.265388488769531
    },
    {
      "iteration" : 20,
      "pitch" : 82.054885864257812
    },
    {
      "iteration" : 21,
      "pitch" : 82.449691772460938
    },
    {
      "iteration" : 22,
      "pitch" : 82.151947021484375
    },
    {
      "iteration" : 23,
      "pitch" : 82.212783813476562
    },
    {
      "iteration" : 24,
      "pitch" : 82.05126953125
    },
    {
      "iteration" : 25,
      "pitch" : 82.464332580566406
    }
  ]
}