{
  "entries" : [
    {
      "iteration" : 0
    },
    {
      "iteration" : 1,
      "pitch" : 136.30796813964844
    },
    {
      "iteration" : 2,
      "pitch" : 32.323715209960938
    },
    {
      "iteration" : 3,
      "pitch" : 32.520515441894531
    },
    {
      "iteration" : 4,
      "pitch" : 32.628349304199219
    },
    {
      "iteration" : 5,
      "pitch" : 32.593822479248047
    },
    {
      "iteration" : 6,
      "pitch" : 32.620391845703125
    },
    {
      "iteration" : 7,
      "pitch" : 32.6444091796875
    },
    {
      "iteration" : 8,
      "pitch" : 32.597057342529297
    },
    {
      "iteration" : 9,
      "pitch" : 32.620246887207031
    },
    {
      "iteration" : 10,
      "pitch" : 32.657253265380859
    },
    {
      "iteration" : 11,
      "pitch" : 32.568428039550781
    },
    {
      "iteration" : 12,
      "pitch" : 32.643260955810547
    },
    {
      "iteration" : 13,
      "pitch" : 32.626625061035156
    },
    {
      "iteration" : 14,
      "pitch" : 32.652023315429688
    },
    {
      "iteration" : 15,
      "pitch" : 32.606784820556641
    },
    {
      "iteration" : 16,
      "pitch" : 32.628265380859375
    },
    {
      "iteration" : 17,
      "pitch" : 32.600467681884766
    },
    {
      "iteration" : 18,
      "pitch" : 32.591133117675781
    },
    {
      "iteration" : 19,
      "pitch" : 32.568984985351562
    },
    {
      "iteration" : 20,
      "pitch" : 32.573802947998047
    },
    {
      "iteration" : 21,
      "pitch" : 32.603431701660156
    },
    {
      "iteration" : 22,
      "pitch" : 32.596019744873047
    },
    {
      "iteration" : 23,
      "pitch" : 32.581218719482422
    },
    {
      "iteration" : 24,
      "pitch" : 32.592781066894531
    },
    {
      "iteration" : 25,
      "pitch" : 32.628498077392578
    }
  ]
}