{
  "entries" : [
    {
      "iteration" : 0
    },
    {
      "iteration" : 1,
      "pitch" : 349.53521728515625
    },
    {
      "iteration" : 2,
      "pitch" : 174.32148742675781
    },
    {
      "iteration" : 3,
      "pitch" : 174.53187561035156
    },
    {
      "iteration" : 4,
      "pitch" : 174.37287902832031
    },
    {
      "iteration" : 5,
      "pitch" : 174.6507568359375
    },
    {
      "iteration" : 6,
      "pitch" : 174.49647521972656
    },
    {
      "iteration" : 7,
      "pitch" : 174.32321166992188
    },
    {
      "iteration" : 8,
      "pitch" : 174.49043273925781
    },
    {
      "iteration" : 9,
      "pitch" : 174.52206420898438
    },
    {
      "iteration" : 10,
      "pitch" : 174.48921203613281
    },
    {
      "iteration" : 11,
      "pitch" : 174.43148803710938
    },
    {
      "iteration" : 12,
      "pitch" : 174.35948181152344
    },
    {
      "iteration" : 13,
      "pitch" : 174.47355651855469
    },
    {
      "iteration" : 14,
      "pitch" : 174.4774169921875
    },
    {
      "iteration" : 15,
      "pitch" : 174.42005920410156
    },
    {
      "iteration" : 16,
      "pitch" : 174.34292602539062
    },
    {
      "iteration" : 17,
      "pitch" : 174.48384094238281
    },
    {
      "iteration" : 18
    },
    {
      "iteration" : 19
    },
    {
      "iteration" : 20
    },
    {
      "iteration" : 21
    },
    {
      "iteration" : 22
    },
    {
      "iteration" : 23
    },
    {
      "iteration" : 24
    },
    {
      "iteration" : 25
    }
  ]
}