{
  "entries" : [
    {
      "iteration" : 0
    },
    {
      "iteration" : 1
    },
    {
      "iteration" : 2,
      "pitch" : 73.196334838867188
    },
    {
      "iteration" : 3,
      "pitch" : 73.082038879394531
    },
    {
      "iteration" : 4,
      "pitch" : 73.816398620605469
    },
    {
      "iteration" : 5,
      "pitch" : 73.38671875
    },
    {
      "iteration" : 6,
      "pitch" : 73.651969909667969
    },
    {
      "iteration" : 7,
      "pitch" : 73.733787536621094
    },
    {
      "iteration" : 8,
      "pitch" : 73.472763061523438
    },
    {
      "iteration" : 9,
      "pitch" : 73.653251647949219
    },
    {
      "iteration" : 10,
      "pitch" : 73.428382873535156
    },
    {
      "iteration" : 11,
      "pitch" : 73.583404541015625
    },
    {
      "iteration" : 12,
      "pitch" : 73.334342956542969
    },
    {
      "iteration" : 13,
      "pitch" : 73.815223693847656
    },
    {
      "iteration" : 14,
      "pitch" : 73.28570556640625
    },
    {
      "iteration" : 15,
      "pitch" : 73.59307861328125
    },
    {
      "iteration" : 16,
      "pitch" : 73.626792907714844
    },
    {
      "iteration" : 17,
      "pitch" : 73.371124267578125
    },
    {
      "iteration" : 18
    },
    {
      "iteration" : 19
    },
    {
      "iteration" : 20
    },
    {
      "iteration" : 21
    },
    {
      "iteration" : 22
    },
    {
      "iteration" : 23
    },
    {
      "iteration" : 24
    },
    {
      "iteration" : 25
    }
  ]
}