{
  "entries" : [
    {
      "iteration" : 0
    },
    {
      "iteration" : 1
    },
    {
      "iteration" : 2,
      "pitch" : 82.189048767089844
    },
    {
      "iteration" : 3,
      "pitch" : 41.092628479003906
    },
    {
      "iteration" : 4,
      "pitch" : 41.132869720458984
    },
    {
      "iteration" : 5,
      "pitch" : 41.165508270263672
    },
    {
      "iteration" : 6,
      "pitch" : 41.114650726318359
    },
    {
      "iteration" : 7,
      "pitch" : 82.288688659667969
    },
    {
      "iteration" : 8,
      "pitch" : 41.173728942871094
    },
    {
      "iteration" : 9,
      "pitch" : 41.132789611816406
    },
    {
      "iteration" : 10,
      "pitch" : 41.103336334228516
    },
    {
      "iteration" : 11,
      "pitch" : 41.125217437744141
    },
    {
      "iteration" : 12,
      "pitch" : 41.168239593505859
    },
    {
      "iteration" : 13,
      "pitch" : 41.190109252929688
    },
    {
      "iteration" : 14,
      "pitch" : 41.123428344726562
    },
    {
      "iteration" : 15,
      "pitch" : 41.093513488769531
    },
    {
      "iteration" : 16,
      "pitch" : 41.154151916503906
    },
    {
      "iteration" : 17,
      "pitch" : 41.139110565185547
    },
    {
      "iteration" : 18,
      "pitch" : 41.143070220947266
    },
    {
      "iteration" : 19,
      "pitch" : 82.193428039550781
    },
    {
      "iteration" : 20,
      "pitch" : 82.366928100585938
    },
    {
      "iteration" : 21,
      "pitch" : 41.133861541748047
    },
    {
      "iteration" : 22,
      "pitch" : 41.140869140625
    },
    {
      "iteration" : 23,
      "pitch" : 41.069087982177734
    },
    {
      "iteration" : 24,
      "pitch" : 41.179531097412109
    },
    {
      "iteration" : 25,
      "pitch" : 41.130260467529297
    }
  ]
}