{
  "entries" : [
    {
      "iteration" : 0
    },
    {
      "iteration" : 1
    },
    {
      "iteration" : 2,
      "pitch" : 69.400238037109375
    },
    {
      "iteration" : 3,
      "pitch" : 69.136810302734375
    },
    {
      "iteration" : 4,
      "pitch" : 69.259040832519531
    },
    {
      "iteration" : 5,
      "pitch" : 69.153518676757812
    },
    {
      "iteration" : 6,
      "pitch" : 69.274955749511719
    },
    {
      "iteration" : 7,
      "pitch" : 69.275001525878906
    },
    {
      "iteration" : 8,
      "pitch" : 69.165351867675781
    },
    {
      "iteration" : 9,
      "pitch" : 69.537178039550781
    },
    {
      "iteration" : 10,
      "pitch" : 69.360420227050781
    },
    {
      "iteration" : 11,
      "pitch" : 69.377754211425781
    },
    {
      "iteration" : 12,
      "pitch" : 69.240379333496094
    },
    {
      "iteration" : 13,
      "pitch" : 69.330474853515625
    },
    {
      "iteration" : 14,
      "pitch" : 69.393539428710938
    },
    {
      "iteration" : 15,
      "pitch" : 69.356620788574219
    },
    {
      "iteration" : 16,
      "pitch" : 69.0655517578125
    },
    {
      "iteration" : 17,
      "pitch" : 138.65303039550781
    },
    {
      "iteration" : 18,
      "pitch" : 69.111503601074219
    },
    {
      "iteration" : 19
    },
    {
      "iteration" : 20
    },
    {
      "iteration" : 21
    },
    {
      "iteration" : 22
    },
    {
      "iteration" : 23
    },
    {
      "iteration" : 24
    },
    {
      "iteration" : 25
    }
  ]
}