{
  "entries" : [
    {
      "iteration" : 0
    },
    {
      "iteration" : 1,
      "pitch" : 244.64482116699219
    },
    {
      "iteration" : 2,
      "pitch" : 123.45449829101562
    },
    {
      "iteration" : 3,
      "pitch" : 123.50363922119141
    },
    {
      "iteration" : 4,
      "pitch" : 123.51988220214844
    },
    {
      "iteration" : 5,
      "pitch" : 123.29839324951172
    },
    {
      "iteration" : 6,
      "pitch" : 123.47700500488281
    },
    {
      "iteration" : 7,
      "pitch" : 123.44000244140625
    },
    {
      "iteration" : 8,
      "pitch" : 123.40290832519531
    },
    {
      "iteration" : 9,
      "pitch" : 123.30830383300781
    },
    {
      "iteration" : 10,
      "pitch" : 123.35552215576172
    },
    {
      "iteration" : 11,
      "pitch" : 123.49246215820312
    },
    {
      "iteration" : 12,
      "pitch" : 123.43356323242188
    },
    {
      "iteration" : 13,
      "pitch" : 123.47595977783203
    },
    {
      "iteration" : 14,
      "pitch" : 123.28092193603516
    },
    {
      "iteration" : 15,
      "pitch" : 123.37975311279297
    },
    {
      "iteration" : 16,
      "pitch" : 123.37647247314453
    },
    {
      "iteration" : 17,
      "pitch" : 123.41946411132812
    },
    {
      "iteration" : 18,
      "pitch" : 123.34915924072266
    },
    {
      "iteration" : 19
    },
    {
      "iteration" : 20
    },
    {
      "iteration" : 21
    },
    {
      "iteration" : 22
    },
    {
      "iteration" : 23
    },
    {
      "iteration" : 24
    },
    {
      "iteration" : 25
    }
  ]
}