{
  "entries" : [
    {
      "iteration" : 0
    },
    {
      "iteration" : 1,
      "pitch" : 439.23587036132812
    },
    {
      "iteration" : 2,
      "pitch" : 441.17868041992188
    },
    {
      "iteration" : 3,
      "pitch" : 441.779052734375
    },
    {
      "iteration" : 4,
      "pitch" : 440.38763427734375
    },
    {
      "iteration" : 5,
      "pitch" : 440.25485229492188
    },
    {
      "iteration" : 6,
      "pitch" : 440.16445922851562
    },
    {
      "iteration" : 7,
      "pitch" : 440.21914672851562
    },
    {
      "iteration" : 8,
      "pitch" : 440.13104248046875
    },
    {
      "iteration" : 9,
      "pitch" : 440.12069702148438
    },
    {
      "iteration" : 10,
      "pitch" : 440.1376953125
    },
    {
      "iteration" : 11
    },
    {
      "iteration" : 12
    },
    {
      "iteration" : 13
    },
    {
      "iteration" : 14
    },
    {
      "iteration" : 15
    },
    {
      "iteration" : 16
    },
    {
      "iteration" : 17
    },
    {
      "iteration" : 18
    },
    {
      "iteration" : 19
    },
    {
      "iteration" : 20
    },
    {
      "iteration" : 21
    },
    {
      "iteration" : 22
    },
    {
      "iteration" : 23
    },
    {
      "iteration" : 24
    },
    {
      "iteration" : 25
    }
  ]
}