{
  "entries" : [
    {
      "iteration" : 0
    },
    {
      "iteration" : 1,
      "pitch" : 197.99871826171875
    },
    {
      "iteration" : 2,
      "pitch" : 196.18072509765625
    },
    {
      "iteration" : 3,
      "pitch" : 196.2196044921875
    },
    {
      "iteration" : 4,
      "pitch" : 196.13655090332031
    },
    {
      "iteration" : 5,
      "pitch" : 196.18962097167969
    },
    {
      "iteration" : 6,
      "pitch" : 196.19218444824219
    },
    {
      "iteration" : 7,
      "pitch" : 195.9248046875
    },
    {
      "iteration" : 8,
      "pitch" : 195.8773193359375
    },
    {
      "iteration" : 9,
      "pitch" : 196.06858825683594
    },
    {
      "iteration" : 10,
      "pitch" : 196.14436340332031
    },
    {
      "iteration" : 11,
      "pitch" : 196.15570068359375
    },
    {
      "iteration" : 12,
      "pitch" : 196.35476684570312
    },
    {
      "iteration" : 13,
      "pitch" : 195.95823669433594
    },
    {
      "iteration" : 14
    },
    {
      "iteration" : 15
    },
    {
      "iteration" : 16
    },
    {
      "iteration" : 17
    },
    {
      "iteration" : 18
    },
    {
      "iteration" : 19
    },
    {
      "iteration" : 20
    },
    {
      "iteration" : 21
    },
    {
      "iteration" : 22
    },
    {
      "iteration" : 23
    },
    {
      "iteration" : 24
    },
    {
      "iteration" : 25
    }
  ]
}