{
  "entries" : [
    {
      "iteration" : 0
    },
    {
      "iteration" : 1,
      "pitch" : 90.800094604492188
    },
    {
      "iteration" : 2,
      "pitch" : 43.441799163818359
    },
    {
      "iteration" : 3,
      "pitch" : 43.49835205078125
    },
    {
      "iteration" : 4,
      "pitch" : 43.531185150146484
    },
    {
      "iteration" : 5,
      "pitch" : 43.516654968261719
    },
    {
      "iteration" : 6,
      "pitch" : 43.508892059326172
    },
    {
      "iteration" : 7,
      "pitch" : 43.533832550048828
    },
    {
      "iteration" : 8,
      "pitch" : 43.5142822265625
    },
    {
      "iteration" : 9,
      "pitch" : 43.491916656494141
    },
    {
      "iteration" : 10,
      "pitch" : 43.522834777832031
    },
    {
      "iteration" : 11,
      "pitch" : 43.510257720947266
    },
    {
      "iteration" : 12,
      "pitch" : 43.522518157958984
    },
    {
      "iteration" : 13,
      "pitch" : 43.479103088378906
    },
    {
      "iteration" : 14,
      "pitch" : 43.509490966796875
    },
    {
      "iteration" : 15,
      "pitch" : 43.519065856933594
    },
    {
      "iteration" : 16,
      "pitch" : 43.486358642578125
    },
    {
      "iteration" : 17,
      "pitch" : 43.501613616943359
    },
    {
      "iteration" : 18,
      "pitch" : 43.505615234375
    },
    {
      "iteration" : 19,
      "pitch" : 43.487262725830078
    },
    {
      "iteration" : 20,
      "pitch" : 43.523658752441406
    },
    {
      "iteration" : 21,
      "pitch" : 43.502880096435547
    },
    {
      "iteration" : 22,
      "pitch" : 43.481658935546875
    },
    {
      "iteration" : 23,
      "pitch" : 43.436737060546875
    },
    {
      "iteration" : 24,
      "pitch" : 43.41766357421875
    },
    {
      "iteration" : 25,
      "pitch" : 43.416606903076172
    }
  ]
}