{
  "entries" : [
    {
      "iteration" : 0
    },
    {
      "iteration" : 1,
      "pitch" : 114.12626647949219
    },
    {
      "iteration" : 2,
      "pitch" : 116.4351806640625
    },
    {
      "iteration" : 3,
      "pitch" : 116.64106750488281
    },
    {
      "iteration" : 4,
      "pitch" : 116.49298858642578
    },
    {
      "iteration" : 5,
      "pitch" : 116.44287872314453
    },
    {
      "iteration" : 6,
      "pitch" : 116.23166656494141
    },
    {
      "iteration" : 7,
      "pitch" : 116.42131042480469
    },
    {
      "iteration" : 8,
      "pitch" : 116.46925354003906
    },
    {
      "iteration" : 9,
      "pitch" : 116.41445159912109
    },
    {
      "iteration" : 10,
      "pitch" : 116.42844390869141
    },
    {
      "iteration" : 11,
      "pitch" : 116.172607421875
    },
    {
      "iteration" : 12,
      "pitch" : 116.18550872802734
    },
    {
      "iteration" : 13
    },
    {
      "iteration" : 14
    },
    {
      "iteration" : 15
    },
    {
      "iteration" : 16
    },
    {
      "iteration" : 17
    },
    {
      "iteration" : 18
    },
    {
      "iteration" : 19
    },
    {
      "iteration" : 20
    },
    {
      "iteration" : 21
    },
    {
      "iteration" : 22
    },
    {
      "iteration" : 23
    },
    {
      "iteration" : 24
    },
    {
      "iteration" : 25
    }
  ]
}