{
  "entries" : [
    {
      "iteration" : 0
    },
    {
      "iteration" : 1,
      "pitch" : 220.33627319335938
    },
    {
      "iteration" : 2,
      "pitch" : 220.45213317871094
    },
    {
      "iteration" : 3,
      "pitch" : 220.61846923828125
    },
    {
      "iteration" : 4,
      "pitch" : 220.11050415039062
    },
    {
      "iteration" : 5,
      "pitch" : 220.06394958496094
    },
    {
      "iteration" : 6,
      "pitch" : 220.69557189941406
    },
    {
      "iteration" : 7,
      "pitch" : 220.24085998535156
    },
    {
      "iteration" : 8,
      "pitch" : 219.97691345214844
    },
    {
      "iteration" : 9,
      "pitch" : 220.00619506835938
    },
    {
      "iteration" : 10,
      "pitch" : 220.13302612304688
    },
    {
      "iteration" : 11,
      "pitch" : 220.03744506835938
    },
    {
      "iteration" : 12,
      "pitch" : 219.97331237792969
    },
    {
      "iteration" : 13
    },
    {
      "iteration" : 14
    },
    {
      "iteration" : 15
    },
    {
      "iteration" : 16
    },
    {
      "iteration" : 17
    },
    {
      "iteration" : 18
    },
    {
      "iteration" : 19
    },
    {
      "iteration" : 20
    },
    {
      "iteration" : 21
    },
    {
      "iteration" : 22
    },
    {
      "iteration" : 23
    },
    {
      "iteration" : 24
    },
    {
      "iteration" : 25
    }
  ]
}