{
  "entries" : [
    {
      "iteration" : 0
    },
    {
      "iteration" : 1
    },
    {
      "iteration" : 2,
      "pitch" : 27.657310485839844
    },
    {
      "iteration" : 3,
      "pitch" : 27.215675354003906
    },
    {
      "iteration" : 4,
      "pitch" : 54.762222290039062
    },
    {
      "iteration" : 5,
      "pitch" : 27.448247909545898
    },
    {
      "iteration" : 6,
      "pitch" : 27.355859756469727
    },
    {
      "iteration" : 7,
      "pitch" : 27.419174194335938
    },
    {
      "iteration" : 8,
      "pitch" : 27.510112762451172
    },
    {
      "iteration" : 9,
      "pitch" : 27.447050094604492
    },
    {
      "iteration" : 10,
      "pitch" : 27.380687713623047
    },
    {
      "iteration" : 11,
      "pitch" : 27.418197631835938
    },
    {
      "iteration" : 12,
      "pitch" : 27.463048934936523
    },
    {
      "iteration" : 13,
      "pitch" : 27.410831451416016
    },
    {
      "iteration" : 14,
      "pitch" : 27.449378967285156
    },
    {
      "iteration" : 15,
      "pitch" : 27.416511535644531
    },
    {
      "iteration" : 16,
      "pitch" : 27.414312362670898
    },
    {
      "iteration" : 17,
      "pitch" : 27.416664123535156
    },
    {
      "iteration" : 18,
      "pitch" : 27.423486709594727
    },
    {
      "iteration" : 19,
      "pitch" : 27.460294723510742
    },
    {
      "iteration" : 20,
      "pitch" : 27.419824600219727
    },
    {
      "iteration" : 21,
      "pitch" : 27.409172058105469
    },
    {
      "iteration" : 22,
      "pitch" : 27.414670944213867
    },
    {
      "iteration" : 23,
      "pitch" : 27.425365447998047
    },
    {
      "iteration" : 24,
      "pitch" : 27.396129608154297
    },
    {
      "iteration" : 25,
      "pitch" : 27.407375335693359
    }
  ]
}