{
  "entries" : [
    {
      "iteration" : 0
    },
    {
      "iteration" : 1,
      "pitch" : 164.60751342773438
    },
    {
      "iteration" : 2,
      "pitch" : 165.04350280761719
    },
    {
      "iteration" : 3,
      "pitch" : 164.7598876953125
    },
    {
      "iteration" : 4,
      "pitch" : 164.9444580078125
    },
    {
      "iteration" : 5,
      "pitch" : 164.79512023925781
    },
    {
      "iteration" : 6,
      "pitch" : 164.59432983398438
    },
    {
      "iteration" : 7,
      "pitch" : 164.72314453125
    },
    {
      "iteration" : 8,
      "pitch" : 164.70143127441406
    },
    {
      "iteration" : 9,
      "pitch" : 164.98532104492188
    },
    {
      "iteration" : 10,
      "pitch" : 164.78536987304688
    },
    {
      "iteration" : 11,
      "pitch" : 164.85493469238281
    },
    {
      "iteration" : 12,
      "pitch" : 164.78211975097656
    },
    {
      "iteration" : 13,
      "pitch" : 164.55587768554688
    },
    {
      "iteration" : 14,
      "pitch" : 164.68463134765625
    },
    {
      "iteration" : 15,
      "pitch" : 164.65541076660156
    },
    {
      "iteration" : 16,
      "pitch" : 164.88465881347656
    },
    {
      "iteration" : 17,
      "pitch" : 164.72377014160156
    },
    {
      "iteration" : 18,
      "pitch" : 164.72502136230469
    },
    {
      "iteration" : 19,
      "pitch" : 164.68629455566406
    },
    {
      "iteration" : 20,
      "pitch" : 164.52629089355469
    },
    {
      "iteration" : 21,
      "pitch" : 164.74693298339844
    },
    {
      "iteration" : 22,
      "pitch" : 164.70771789550781
    },
    {
      "iteration" : 23
    },
    {
      "iteration" : 24
    },
    {
      "iteration" : 25
    }
  ]
}