{
  "entries" : [
    {
      "iteration" : 0
    },
    {
      "iteration" : 1,
      "pitch" : 109.53108215332031
    },
    {
      "iteration" : 2,
      "pitch" : 110.09523773193359
    },
    {
      "iteration" : 3,
      "pitch" : 109.91629028320312
    },
    {
      "iteration" : 4,
      "pitch" : 109.73829650878906
    },
    {
      "iteration" : 5,
      "pitch" : 109.87879180908203
    },
    {
      "iteration" : 6,
      "pitch" : 109.83011627197266
    },
    {
      "iteration" : 7,
      "pitch" : 109.80233001708984
    },
    {
      "iteration" : 8,
      "pitch" : 109.79874420166016
    },
    {
      "iteration" : 9,
      "pitch" : 109.91763305664062
    },
    {
      "iteration" : 10,
      "pitch" : 109.80496215820312
    },
    {
      "iteration" : 11,
      "pitch" : 109.82015228271484
    },
    {
      "iteration" : 12,
      "pitch" : 109.56680297851562
    },
    {
      "iteration" : 13
    },
    {
      "iteration" : 14
    },
    {
      "iteration" : 15
    },
    {
      "iteration" : 16
    },
    {
      "iteration" : 17
    },
    {
      "iteration" : 18
    },
    {
      "iteration" : 19
    },
    {
      "iteration" : 20
    },
    {
      "iteration" : 21
    },
    {
      "iteration" : 22
    },
    {
      "iteration" : 23
    },
    {
      "iteration" : 24
    },
    {
      "iteration" : 25
    }
  ]
}