{
  "entries" : [
    {
      "iteration" : 0
    },
    {
      "iteration" : 1
    },
    {
      "iteration" : 2,
      "pitch" : 370.64813232421875
    },
    {
      "iteration" : 3,
      "pitch" : 370.22677612304688
    },
    {
      "iteration" : 4,
      "pitch" : 369.98178100585938
    },
    {
      "iteration" : 5,
      "pitch" : 371.58447265625
    },
    {
      "iteration" : 6,
      "pitch" : 369.99655151367188
    },
    {
      "iteration" : 7,
      "pitch" : 370.15530395507812
    },
    {
      "iteration" : 8
    },
    {
      "iteration" : 9
    },
    {
      "iteration" : 10
    },
    {
      "iteration" : 11
    },
    {
      "iteration" : 12
    },
    {
      "iteration" : 13
    },
    {
      "iteration" : 14
    },
    {
      "iteration" : 15
    },
    {
      "iteration" : 16
    },
    {
      "iteration" : 17
    },
    {
      "iteration" : 18
    },
    {
      "iteration" : 19
    },
    {
      "iteration" : 20
    },
    {
      "iteration" : 21
    },
    {
      "iteration" : 22
    },
    {
      "iteration" : 23
    },
    {
      "iteration" : 24
    },
    {
      "iteration" : 25
    }
  ]
}