{
  "entries" : [
    {
      "iteration" : 0
    },
    {
      "iteration" : 1,
      "pitch" : 66.899375915527344
    },
    {
      "iteration" : 2,
      "pitch" : 61.626258850097656
    },
    {
      "iteration" : 3,
      "pitch" : 61.478363037109375
    },
    {
      "iteration" : 4,
      "pitch" : 61.655719757080078
    },
    {
      "iteration" : 5,
      "pitch" : 62.076560974121094
    },
    {
      "iteration" : 6,
      "pitch" : 61.587276458740234
    },
    {
      "iteration" : 7,
      "pitch" : 61.698551177978516
    },
    {
      "iteration" : 8,
      "pitch" : 61.71917724609375
    },
    {
      "iteration" : 9,
      "pitch" : 61.848987579345703
    },
    {
      "iteration" : 10,
      "pitch" : 61.713405609130859
    },
    {
      "iteration" : 11,
      "pitch" : 61.808937072753906
    },
    {
      "iteration" : 12,
      "pitch" : 61.666164398193359
    },
    {
      "iteration" : 13,
      "pitch" : 61.888465881347656
    },
    {
      "iteration" : 14,
      "pitch" : 61.698329925537109
    },
    {
      "iteration" : 15,
      "pitch" : 61.967155456542969
    },
    {
      "iteration" : 16,
      "pitch" : 61.560085296630859
    },
    {
      "iteration" : 17,
      "pitch" : 61.952312469482422
    },
    {
      "iteration" : 18,
      "pitch" : 123.38135528564453
    },
    {
      "iteration" : 19,
      "pitch" : 62.087100982666016
    },
    {
      "iteration" : 20,
      "pitch" : 61.538749694824219
    },
    {
      "iteration" : 21
    },
    {
      "iteration" : 22
    },
    {
      "iteration" : 23
    },
    {
      "iteration" : 24
    },
    {
      "iteration" : 25
    }
  ]
}