{
  "entries" : [
    {
      "iteration" : 0
    },
    {
      "iteration" : 1
    },
    {
      "iteration" : 2,
      "pitch" : 38.852222442626953
    },
    {
      "iteration" : 3,
      "pitch" : 38.818855285644531
    },
    {
      "iteration" : 4,
      "pitch" : 38.898239135742188
    },
    {
      "iteration" : 5,
      "pitch" : 38.770416259765625
    },
    {
      "iteration" : 6,
      "pitch" : 38.825832366943359
    },
    {
      "iteration" : 7,
      "pitch" : 38.77276611328125
    },
    {
      "iteration" : 8,
      "pitch" : 38.765380859375
    },
    {
      "iteration" : 9,
      "pitch" : 38.787273406982422
    },
    {
      "iteration" : 10,
      "pitch" : 38.760147094726562
    },
    {
      "iteration" : 11,
      "pitch" : 38.832004547119141
    },
    {
      "iteration" : 12,
      "pitch" : 38.743534088134766
    },
    {
      "iteration" : 13,
      "pitch" : 38.794265747070312
    },
    {
      "iteration" : 14,
      "pitch" : 38.748199462890625
    },
    {
      "iteration" : 15,
      "pitch" : 38.769866943359375
    },
    {
      "iteration" : 16,
      "pitch" : 38.810840606689453
    },
    {
      "iteration" : 17,
      "pitch" : 77.529121398925781
    },
    {
      "iteration" : 18,
      "pitch" : 38.77850341796875
    },
    {
      "iteration" : 19,
      "pitch" : 38.72515869140625
    },
    {
      "iteration" : 20,
      "pitch" : 38.8001708984375
    },
    {
      "iteration" : 21,
      "pitch" : 38.826099395751953
    },
    {
      "iteration" : 22,
      "pitch" : 38.72705078125
    },
    {
      "iteration" : 23,
      "pitch" : 38.734394073486328
    },
    {
      "iteration" : 24,
      "pitch" : 77.512664794921875
    },
    {
      "iteration" : 25,
      "pitch" : 38.733676910400391
    }
  ]
}