{
  "entries" : [
    {
      "iteration" : 0
    },
    {
      "iteration" : 1,
      "pitch" : 92.135581970214844
    },
    {
      "iteration" : 2,
      "pitch" : 46.089149475097656
    },
    {
      "iteration" : 3,
      "pitch" : 46.060619354248047
    },
    {
      "iteration" : 4,
      "pitch" : 46.152751922607422
    },
    {
      "iteration" : 5,
      "pitch" : 46.154079437255859
    },
    {
      "iteration" : 6,
      "pitch" : 46.124897003173828
    },
    {
      "iteration" : 7,
      "pitch" : 46.178298950195312
    },
    {
      "iteration" : 8,
      "pitch" : 46.186538696289062
    },
    {
      "iteration" : 9,
      "pitch" : 46.192337036132812
    },
    {
      "iteration" : 10,
      "pitch" : 46.104423522949219
    },
    {
      "iteration" : 11,
      "pitch" : 46.114753723144531
    },
    {
      "iteration" : 12,
      "pitch" : 46.172187805175781
    },
    {
      "iteration" : 13,
      "pitch" : 46.147743225097656
    },
    {
      "iteration" : 14,
      "pitch" : 46.135906219482422
    },
    {
      "iteration" : 15,
      "pitch" : 46.141151428222656
    },
    {
      "iteration" : 16,
      "pitch" : 46.133182525634766
    },
    {
      "iteration" : 17,
      "pitch" : 46.165966033935547
    },
    {
      "iteration" : 18,
      "pitch" : 46.163105010986328
    },
    {
      "iteration" : 19,
      "pitch" : 46.072101593017578
    },
    {
      "iteration" : 20,
      "pitch" : 46.129829406738281
    },
    {
      "iteration" : 21,
      "pitch" : 46.114151000976562
    },
    {
      "iteration" : 22,
      "pitch" : 46.093936920166016
    },
    {
      "iteration" : 23,
      "pitch" : 46.052211761474609
    },
    {
      "iteration" : 24,
      "pitch" : 91.996803283691406
    },
    {
      "iteration" : 25,
      "pitch" : 46.069969177246094
    }
  ]
}