{
  "entries" : [
    {
      "iteration" : 0
    },
    {
      "iteration" : 1
    },
    {
      "iteration" : 2,
      "pitch" : 58.425338745117188
    },
    {
      "iteration" : 3,
      "pitch" : 58.174217224121094
    },
    {
      "iteration" : 4,
      "pitch" : 58.211212158203125
    },
    {
      "iteration" : 5,
      "pitch" : 58.003429412841797
    },
    {
      "iteration" : 6,
      "pitch" : 58.271556854248047
    },
    {
      "iteration" : 7,
      "pitch" : 58.032855987548828
    },
    {
      "iteration" : 8,
      "pitch" : 58.165378570556641
    },
    {
      "iteration" : 9,
      "pitch" : 57.994430541992188
    },
    {
      "iteration" : 10,
      "pitch" : 58.225292205810547
    },
    {
      "iteration" : 11,
      "pitch" : 58.099758148193359
    },
    {
      "iteration" : 12,
      "pitch" : 58.163173675537109
    },
    {
      "iteration" : 13,
      "pitch" : 57.945587158203125
    },
    {
      "iteration" : 14,
      "pitch" : 58.336044311523438
    },
    {
      "iteration" : 15,
      "pitch" : 58.155063629150391
    },
    {
      "iteration" : 16,
      "pitch" : 57.991130828857422
    },
    {
      "iteration" : 17,
      "pitch" : 58.035972595214844
    },
    {
      "iteration" : 18,
      "pitch" : 58.247997283935547
    },
    {
      "iteration" : 19,
      "pitch" : 58.220359802246094
    },
    {
      "iteration" : 20
    },
    {
      "iteration" : 21
    },
    {
      "iteration" : 22
    },
    {
      "iteration" : 23
    },
    {
      "iteration" : 24
    },
    {
      "iteration" : 25
    }
  ]
}