{
  "entries" : [
    {
      "iteration" : 0
    },
    {
      "iteration" : 1,
      "pitch" : 349.89309692382812
    },
    {
      "iteration" : 2,
      "pitch" : 349.90704345703125
    },
    {
      "iteration" : 3,
      "pitch" : 349.68344116210938
    },
    {
      "iteration" : 4,
      "pitch" : 349.49240112304688
    },
    {
      "iteration" : 5,
      "pitch" : 349.31423950195312
    },
    {
      "iteration" : 6,
      "pitch" : 349.5621337890625
    },
    {
      "iteration" : 7,
      "pitch" : 349.559814453125
    },
    {
      "iteration" : 8,
      "pitch" : 349.91104125976562
    },
    {
      "iteration" : 9
    },
    {
      "iteration" : 10
    },
    {
      "iteration" : 11
    },
    {
      "iteration" : 12
    },
    {
      "iteration" : 13
    },
    {
      "iteration" : 14
    },
    {
      "iteration" : 15
    },
    {
      "iteration" : 16
    },
    {
      "iteration" : 17
    },
    {
      "iteration" : 18
    },
    {
      "iteration" : 19
    },
    {
      "iteration" : 20
    },
    {
      "iteration" : 21
    },
    {
      "iteration" : 22
    },
    {
      "iteration" : 23
    },
    {
      "iteration" : 24
    },
    {
      "iteration" : 25
    }
  ]
}