{
  "entries" : [
    {
      "iteration" : 0
    },
    {
      "iteration" : 1,
      "pitch" : 78.538810729980469
    },
    {
      "iteration" : 2,
      "pitch" : 51.783233642578125
    },
    {
      "iteration" : 3,
      "pitch" : 51.923862457275391
    },
    {
      "iteration" : 4,
      "pitch" : 51.83251953125
    },
    {
      "iteration" : 5,
      "pitch" : 51.97882080078125
    },
    {
      "iteration" : 6,
      "pitch" : 51.938144683837891
    },
    {
      "iteration" : 7,
      "pitch" : 51.814674377441406
    },
    {
      "iteration" : 8,
      "pitch" : 51.607429504394531
    },
    {
      "iteration" : 9,
      "pitch" : 51.846595764160156
    },
    {
      "iteration" : 10,
      "pitch" : 51.698986053466797
    },
    {
      "iteration" : 11,
      "pitch" : 51.879032135009766
    },
    {
      "iteration" : 12,
      "pitch" : 52.026203155517578
    },
    {
      "iteration" : 13,
      "pitch" : 51.584537506103516
    },
    {
      "iteration" : 14,
      "pitch" : 51.6944580078125
    },
    {
      "iteration" : 15,
      "pitch" : 51.659465789794922
    },
    {
      "iteration" : 16,
      "pitch" : 51.918315887451172
    },
    {
      "iteration" : 17,
      "pitch" : 51.659492492675781
    },
    {
      "iteration" : 18,
      "pitch" : 51.807300567626953
    },
    {
      "iteration" : 19,
      "pitch" : 51.865924835205078
    },
    {
      "iteration" : 20,
      "pitch" : 51.582401275634766
    },
    {
      "iteration" : 21,
      "pitch" : 51.729793548583984
    },
    {
      "iteration" : 22,
      "pitch" : 51.599246978759766
    },
    {
      "iteration" : 23
    },
    {
      "iteration" : 24
    },
    {
      "iteration" : 25
    }
  ]
}