{
  "entries" : [
    {
      "iteration" : 0
    },
    {
      "iteration" : 1
    },
    {
      "iteration" : 2,
      "pitch" : 65.129646301269531
    },
    {
      "iteration" : 3,
      "pitch" : 65.0369873046875
    },
    {
      "iteration" : 4,
      "pitch" : 65.496261596679688
    },
    {
      "iteration" : 5,
      "pitch" : 65.467826843261719
    },
    {
      "iteration" : 6,
      "pitch" : 65.485374450683594
    },
    {
      "iteration" : 7,
      "pitch" : 65.588691711425781
    },
    {
      "iteration" : 8,
      "pitch" : 65.566093444824219
    },
    {
      "iteration" : 9,
      "pitch" : 65.390602111816406
    },
    {
      "iteration" : 10,
      "pitch" : 65.502670288085938
    },
    {
      "iteration" : 11,
      "pitch" : 65.542251586914062
    },
    {
      "iteration" : 12,
      "pitch" : 65.398323059082031
    },
    {
      "iteration" : 13,
      "pitch" : 65.604698181152344
    },
    {
      "iteration" : 14,
      "pitch" : 65.256118774414062
    },
    {
      "iteration" : 15,
      "pitch" : 65.626083374023438
    },
    {
      "iteration" : 16,
      "pitch" : 65.321807861328125
    },
    {
      "iteration" : 17,
      "pitch" : 65.570198059082031
    },
    {
      "iteration" : 18,
      "pitch" : 65.342018127441406
    },
    {
      "iteration" : 19,
      "pitch" : 65.329071044921875
    },
    {
      "iteration" : 20
    },
    {
      "iteration" : 21
    },
    {
      "iteration" : 22
    },
    {
      "iteration" : 23
    },
    {
      "iteration" : 24
    },
    {
      "iteration" : 25
    }
  ]
}