{
  "entries" : [
    {
      "iteration" : 0
    },
    {
      "iteration" : 1,
      "pitch" : 182.00416564941406
    },
    {
      "iteration" : 2,
      "pitch" : 184.91563415527344
    },
    {
      "iteration" : 3,
      "pitch" : 184.69129943847656
    },
    {
      "iteration" : 4,
      "pitch" : 184.67477416992188
    },
    {
      "iteration" : 5,
      "pitch" : 184.82913208007812
    },
    {
      "iteration" : 6,
      "pitch" : 184.8812255859375
    },
    {
      "iteration" : 7,
      "pitch" : 184.73214721679688
    },
    {
      "iteration" : 8,
      "pitch" : 184.80563354492188
    },
    {
      "iteration" : 9,
      "pitch" : 184.79139709472656
    },
    {
      "iteration" : 10,
      "pitch" : 184.791748046875
    },
    {
      "iteration" : 11,
      "pitch" : 184.77653503417969
    },
    {
      "iteration" : 12,
      "pitch" : 184.71630859375
    },
    {
      "iteration" : 13,
      "pitch" : 184.78689575195312
    },
    {
      "iteration" : 14,
      "pitch" : 184.79313659667969
    },
    {
      "iteration" : 15,
      "pitch" : 184.70184326171875
    },
    {
      "iteration" : 16,
      "pitch" : 184.74296569824219
    },
    {
      "iteration" : 17,
      "pitch" : 184.62588500976562
    },
    {
      "iteration" : 18,
      "pitch" : 184.59422302246094
    },
    {
      "iteration" : 19,
      "pitch" : 184.64683532714844
    },
    {
      "iteration" : 20,
      "pitch" : 184.67544555664062
    },
    {
      "iteration" : 21,
      "pitch" : 184.60203552246094
    },
    {
      "iteration" : 22
    },
    {
      "iteration" : 23
    },
    {
      "iteration" : 24
    },
    {
      "iteration" : 25
    }
  ]
}