{
  "entries" : [
    {
      "iteration" : 0
    },
    {
      "iteration" : 1
    },
    {
      "iteration" : 2,
      "pitch" : 311.5889892578125
    },
    {
      "iteration" : 3,
      "pitch" : 311.19647216796875
    },
    {
      "iteration" : 4,
      "pitch" : 311.21197509765625
    },
    {
      "iteration" : 5,
      "pitch" : 311.15335083007812
    },
    {
      "iteration" : 6,
      "pitch" : 311.15167236328125
    },
    {
      "iteration" : 7,
      "pitch" : 311.2325439453125
    },
    {
      "iteration" : 8,
      "pitch" : 311.20367431640625
    },
    {
      "iteration" : 9,
      "pitch" : 311.06454467773438
    },
    {
      "iteration" : 10
    },
    {
      "iteration" : 11
    },
    {
      "iteration" : 12
    },
    {
      "iteration" : 13
    },
    {
      "iteration" : 14
    },
    {
      "iteration" : 15
    },
    {
      "iteration" : 16
    },
    {
      "iteration" : 17
    },
    {
      "iteration" : 18
    },
    {
      "iteration" : 19
    },
    {
      "iteration" : 20
    },
    {
      "iteration" : 21
    },
    {
      "iteration" : 22
    },
    {
      "iteration" : 23
    },
    {
      "iteration" : 24
    },
    {
      "iteration" : 25
    }
  ]
}