{
  "entries" : [
    {
      "iteration" : 0
    },
    {
      "iteration" : 1,
      "pitch" : 415.11602783203125
    },
    {
      "iteration" : 2,
      "pitch" : 416.21969604492188
    },
    {
      "iteration" : 3,
      "pitch" : 415.89291381835938
    },
    {
      "iteration" : 4,
      "pitch" : 415.65859985351562
    },
    {
      "iteration" : 5,
      "pitch" : 416.26171875
    },
    {
      "iteration" : 6,
      "pitch" : 416.253173828125
    },
    {
      "iteration" : 7,
      "pitch" : 415.52053833007812
    },
    {
      "iteration" : 8,
      "pitch" : 416.34945678710938
    },
    {
      "iteration" : 9,
      "pitch" : 416.60287475585938
    },
    {
      "iteration" : 10,
      "pitch" : 416.16549682617188
    },
    {
      "iteration" : 11,
      "pitch" : 416.7474365234375
    },
    {
      "iteration" : 12
    },
    {
      "iteration" : 13
    },
    {
      "iteration" : 14
    },
    {
      "iteration" : 15
    },
    {
      "iteration" : 16
    },
    {
      "iteration" : 17
    },
    {
      "iteration" : 18
    },
    {
      "iteration" : 19
    },
    {
      "iteration" : 20
    },
    {
      "iteration" : 21
    },
    {
      "iteration" : 22
    },
    {
      "iteration" : 23
    },
    {
      "iteration" : 24
    },
    {
      "iteration" : 25
    }
  ]
}