{
  "entries" : [
    {
      "iteration" : 0
    },
    {
      "iteration" : 1,
      "pitch" : 103.47500610351562
    },
    {
      "iteration" : 2,
      "pitch" : 207.70039367675781
    },
    {
      "iteration" : 3,
      "pitch" : 208.0911865234375
    },
    {
      "iteration" : 4,
      "pitch" : 207.79826354980469
    },
    {
      "iteration" : 5,
      "pitch" : 207.82997131347656
    },
    {
      "iteration" : 6,
      "pitch" : 207.7003173828125
    },
    {
      "iteration" : 7,
      "pitch" : 207.65434265136719
    },
    {
      "iteration" : 8,
      "pitch" : 207.58491516113281
    },
    {
      "iteration" : 9,
      "pitch" : 207.72105407714844
    },
    {
      "iteration" : 10,
      "pitch" : 207.86880493164062
    },
    {
      "iteration" : 11,
      "pitch" : 207.48513793945312
    },
    {
      "iteration" : 12,
      "pitch" : 207.90478515625
    },
    {
      "iteration" : 13
    },
    {
      "iteration" : 14
    },
    {
      "iteration" : 15
    },
    {
      "iteration" : 16
    },
    {
      "iteration" : 17
    },
    {
      "iteration" : 18
    },
    {
      "iteration" : 19
    },
    {
      "iteration" : 20
    },
    {
      "iteration" : 21
    },
    {
      "iteration" : 22
    },
    {
      "iteration" : 23
    },
    {
      "iteration" : 24
    },
    {
      "iteration" : 25
    }
  ]
}