{
  "entries" : [
    {
      "iteration" : 0
    },
    {
      "iteration" : 1
    },
    {
      "iteration" : 2,
      "pitch" : 54.984500885009766
    },
    {
      "iteration" : 3,
      "pitch" : 54.585655212402344
    },
    {
      "iteration" : 4,
      "pitch" : 54.863292694091797
    },
    {
      "iteration" : 5,
      "pitch" : 54.803791046142578
    },
    {
      "iteration" : 6,
      "pitch" : 54.8480224609375
    },
    {
      "iteration" : 7,
      "pitch" : 54.414558410644531
    },
    {
      "iteration" : 8,
      "pitch" : 54.668827056884766
    },
    {
      "iteration" : 9,
      "pitch" : 54.789505004882812
    },
    {
      "iteration" : 10,
      "pitch" : 54.719741821289062
    },
    {
      "iteration" : 11,
      "pitch" : 54.713462829589844
    },
    {
      "iteration" : 12,
      "pitch" : 54.865013122558594
    },
    {
      "iteration" : 13,
      "pitch" : 54.787349700927734
    },
    {
      "iteration" : 14,
      "pitch" : 54.760250091552734
    },
    {
      "iteration" : 15,
      "pitch" : 54.523231506347656
    },
    {
      "iteration" : 16,
      "pitch" : 54.716316223144531
    },
    {
      "iteration" : 17,
      "pitch" : 54.779972076416016
    },
    {
      "iteration" : 18,
      "pitch" : 54.643447875976562
    },
    {
      "iteration" : 19,
      "pitch" : 54.853153228759766
    },
    {
      "iteration" : 20,
      "pitch" : 54.592891693115234
    },
    {
      "iteration" : 21,
      "pitch" : 54.496871948242188
    },
    {
      "iteration" : 22,
      "pitch" : 54.622081756591797
    },
    {
      "iteration" : 23
    },
    {
      "iteration" : 24
    },
    {
      "iteration" : 25
    }
  ]
}