{
  "entries" : [
    {
      "iteration" : 0
    },
    {
      "iteration" : 1,
      "pitch" : 328.82144165039062
    },
    {
      "iteration" : 2,
      "pitch" : 330.61810302734375
    },
    {
      "iteration" : 3,
      "pitch" : 330.06747436523438
    },
    {
      "iteration" : 4,
      "pitch" : 330.14361572265625
    },
    {
      "iteration" : 5,
      "pitch" : 330.07351684570312
    },
    {
      "iteration" : 6,
      "pitch" : 329.85198974609375
    },
    {
      "iteration" : 7,
      "pitch" : 329.71630859375
    },
    {
      "iteration" : 8,
      "pitch" : 330.11782836914062
    },
    {
      "iteration" : 9
    },
    {
      "iteration" : 10
    },
    {
      "iteration" : 11
    },
    {
      "iteration" : 12
    },
    {
      "iteration" : 13
    },
    {
      "iteration" : 14
    },
    {
      "iteration" : 15
    },
    {
      "iteration" : 16
    },
    {
      "iteration" : 17
    },
    {
      "iteration" : 18
    },
    {
      "iteration" : 19
    },
    {
      "iteration" : 20
    },
    {
      "iteration" : 21
    },
    {
      "iteration" : 22
    },
    {
      "iteration" : 23
    },
    {
      "iteration" : 24
    },
    {
      "iteration" : 25
    }
  ]
}