{
  "entries" : [
    {
      "iteration" : 0
    },
    {
      "iteration" : 1,
      "pitch" : 244.46890258789062
    },
    {
      "iteration" : 2,
      "pitch" : 247.22067260742188
    },
    {
      "iteration" : 3,
      "pitch" : 247.20344543457031
    },
    {
      "iteration" : 4,
      "pitch" : 247.11183166503906
    },
    {
      "iteration" : 5,
      "pitch" : 246.96916198730469
    },
    {
      "iteration" : 6,
      "pitch" : 247.032470703125
    },
    {
      "iteration" : 7,
      "pitch" : 246.83120727539062
    },
    {
      "iteration" : 8,
      "pitch" : 246.84365844726562
    },
    {
      "iteration" : 9,
      "pitch" : 246.90176391601562
    },
    {
      "iteration" : 10,
      "pitch" : 246.84024047851562
    },
    {
      "iteration" : 11,
      "pitch" : 246.85466003417969
    },
    {
      "iteration" : 12,
      "pitch" : 246.87771606445312
    },
    {
      "iteration" : 13,
      "pitch" : 246.85452270507812
    },
    {
      "iteration" : 14,
      "pitch" : 246.85531616210938
    },
    {
      "iteration" : 15
    },
    {
      "iteration" : 16
    },
    {
      "iteration" : 17
    },
    {
      "iteration" : 18
    },
    {
      "iteration" : 19
    },
    {
      "iteration" : 20
    },
    {
      "iteration" : 21
    },
    {
      "iteration" : 22
    },
    {
      "iteration" : 23
    },
    {
      "iteration" : 24
    },
    {
      "iteration" : 25
    }
  ]
}