{
  "entries" : [
    {
      "iteration" : 0
    },
    {
      "iteration" : 1
    },
    {
      "iteration" : 2,
      "pitch" : 87.406608581542969
    },
    {
      "iteration" : 3,
      "pitch" : 86.96466064453125
    },
    {
      "iteration" : 4,
      "pitch" : 86.922950744628906
    },
    {
      "iteration" : 5,
      "pitch" : 86.910140991210938
    },
    {
      "iteration" : 6,
      "pitch" : 86.932754516601562
    },
    {
      "iteration" : 7,
      "pitch" : 86.99102783203125
    },
    {
      "iteration" : 8,
      "pitch" : 87.020698547363281
    },
    {
      "iteration" : 9,
      "pitch" : 86.952781677246094
    },
    {
      "iteration" : 10,
      "pitch" : 86.909660339355469
    },
    {
      "iteration" : 11,
      "pitch" : 86.911407470703125
    },
    {
      "iteration" : 12,
      "pitch" : 86.97601318359375
    },
    {
      "iteration" : 13,
      "pitch" : 86.904289245605469
    },
    {
      "iteration" : 14,
      "pitch" : 86.953285217285156
    },
    {
      "iteration" : 15,
      "pitch" : 86.991500854492188
    },
    {
      "iteration" : 16,
      "pitch" : 86.931900024414062
    },
    {
      "iteration" : 17,
      "pitch" : 86.905838012695312
    },
    {
      "iteration" : 18,
      "pitch" : 86.993064880371094
    },
    {
      "iteration" : 19,
      "pitch" : 86.965591430664062
    },
    {
      "iteration" : 20,
      "pitch" : 86.934379577636719
    },
    {
      "iteration" : 21,
      "pitch" : 87.0030517578125
    },
    {
      "iteration" : 22,
      "pitch" : 87.00347900390625
    },
    {
      "iteration" : 23,
      "pitch" : 86.897102355957031
    },
    {
      "iteration" : 24,
      "pitch" : 86.969902038574219
    },
    {
      "iteration" : 25
    }
  ]
}