{
  "entries" : [
    {
      "iteration" : 0
    },
    {
      "iteration" : 1
    },
    {
      "iteration" : 2,
      "pitch" : 36.61004638671875
    },
    {
      "iteration" : 3,
      "pitch" : 36.574916839599609
    },
    {
      "iteration" : 4,
      "pitch" : 36.596961975097656
    },
    {
      "iteration" : 5,
      "pitch" : 36.622577667236328
    },
    {
      "iteration" : 6,
      "pitch" : 36.648181915283203
    },
    {
      "iteration" : 7,
      "pitch" : 36.614006042480469
    },
    {
      "iteration" : 8,
      "pitch" : 36.619827270507812
    },
    {
      "iteration" : 9,
      "pitch" : 36.636951446533203
    },
    {
      "iteration" : 10,
      "pitch" : 36.685260772705078
    },
    {
      "iteration" : 11,
      "pitch" : 36.642593383789062
    },
    {
      "iteration" : 12,
      "pitch" : 36.649539947509766
    },
    {
      "iteration" : 13,
      "pitch" : 36.624961853027344
    },
    {
      "iteration" : 14,
      "pitch" : 36.6539306640625
    },
    {
      "iteration" : 15,
      "pitch" : 36.665485382080078
    },
    {
      "iteration" : 16,
      "pitch" : 36.628082275390625
    },
    {
      "iteration" : 17,
      "pitch" : 36.633914947509766
    },
    {
      "iteration" : 18,
      "pitch" : 36.577049255371094
    },
    {
      "iteration" : 19,
      "pitch" : 36.696083068847656
    },
    {
      "iteration" : 20,
      "pitch" : 36.6646728515625
    },
    {
      "iteration" : 21,
      "pitch" : 36.624027252197266
    },
    {
      "iteration" : 22,
      "pitch" : 36.654399871826172
    },
    {
      "iteration" : 23,
      "pitch" : 36.625690460205078
    },
    {
      "iteration" : 24,
      "pitch" : 36.659103393554688
    },
    {
      "iteration" : 25,
      "pitch" : 36.633289337158203
    }
  ]
}