{
  "entries" : [
    {
      "iteration" : 0
    },
    {
      "iteration" : 1,
      "pitch" : 93.051582336425781
    },
    {
      "iteration" : 2,
      "pitch" : 97.790802001953125
    },
    {
      "iteration" : 3,
      "pitch" : 97.967399597167969
    },
    {
      "iteration" : 4,
      "pitch" : 97.745185852050781
    },
    {
      "iteration" : 5,
      "pitch" : 97.819107055664062
    },
    {
      "iteration" : 6,
      "pitch" : 97.734054565429688
    },
    {
      "iteration" : 7,
      "pitch" : 97.735031127929688
    },
    {
      "iteration" : 8,
      "pitch" : 97.823776245117188
    },
    {
      "iteration" : 9,
      "pitch" : 97.733291625976562
    },
    {
      "iteration" : 10,
      "pitch" : 97.911323547363281
    },
    {
      "iteration" : 11,
      "pitch" : 97.86968994140625
    },
    {
      "iteration" : 12,
      "pitch" : 97.86102294921875
    },
    {
      "iteration" : 13,
      "pitch" : 97.504730224609375
    },
    {
      "iteration" : 14,
      "pitch" : 97.6568603515625
    },
    {
      "iteration" : 15
    },
    {
      "iteration" : 16
    },
    {
      "iteration" : 17
    },
    {
      "iteration" : 18
    },
    {
      "iteration" : 19
    },
    {
      "iteration" : 20
    },
    {
      "iteration" : 21
    },
    {
      "iteration" : 22
    },
    {
      "iteration" : 23
    },
    {
      "iteration" : 24
    },
    {
      "iteration" : 25
    }
  ]
}