{
  "entries" : [
    {
      "iteration" : 0
    },
    {
      "iteration" : 1,
      "pitch" : 390.64035034179688
    },
    {
      "iteration" : 2,
      "pitch" : 392.97348022460938
    },
    {
      "iteration" : 3,
      "pitch" : 392.74578857421875
    },
    {
      "iteration" : 4,
      "pitch" : 392.42477416992188
    },
    {
      "iteration" : 5,
      "pitch" : 391.90576171875
    },
    {
      "iteration" : 6,
      "pitch" : 392.3314208984375
    },
    {
      "iteration" : 7,
      "pitch" : 392.093505859375
    },
    {
      "iteration" : 8,
      "pitch" : 393.1668701171875
    },
    {
      "iteration" : 9,
      "pitch" : 392.70355224609375
    },
    {
      "iteration" : 10,
      "pitch" : 391.93710327148438
    },
    {
      "iteration" : 11,
      "pitch" : 391.85128784179688
    },
    {
      "iteration" : 12,
      "pitch" : 391.9329833984375
    },
    {
      "iteration" : 13
    },
    {
      "iteration" : 14
    },
    {
      "iteration" : 15
    },
    {
      "iteration" : 16
    },
    {
      "iteration" : 17
    },
    {
      "iteration" : 18
    },
    {
      "iteration" : 19
    },
    {
      "iteration" : 20
    },
    {
      "iteration" : 21
    },
    {
      "iteration" : 22
    },
    {
      "iteration" : 23
    },
    {
      "iteration" : 24
    },
    {
      "iteration" : 25
    }
  ]
}