{
  "entries" : [
    {
      "iteration" : 0
    },
    {
      "iteration" : 1
    },
    {
      "iteration" : 2,
      "pitch" : 28.964164733886719
    },
    {
      "iteration" : 3,
      "pitch" : 28.919218063354492
    },
    {
      "iteration" : 4,
      "pitch" : 29.092226028442383
    },
    {
      "iteration" : 5,
      "pitch" : 29.081649780273438
    },
    {
      "iteration" : 6,
      "pitch" : 29.066610336303711
    },
    {
      "iteration" : 7,
      "pitch" : 29.075582504272461
    },
    {
      "iteration" : 8,
      "pitch" : 29.15165901184082
    },
    {
      "iteration" : 9,
      "pitch" : 29.102319717407227
    },
    {
      "iteration" : 10,
      "pitch" : 29.052852630615234
    },
    {
      "iteration" : 11,
      "pitch" : 29.112916946411133
    },
    {
      "iteration" : 12,
      "pitch" : 29.071426391601562
    },
    {
      "iteration" : 13,
      "pitch" : 29.121356964111328
    },
    {
      "iteration" : 14,
      "pitch" : 29.082248687744141
    },
    {
      "iteration" : 15,
      "pitch" : 29.112703323364258
    },
    {
      "iteration" : 16,
      "pitch" : 29.110336303710938
    },
    {
      "iteration" : 17,
      "pitch" : 29.02086067199707
    },
    {
      "iteration" : 18,
      "pitch" : 29.159257888793945
    },
    {
      "iteration" : 19,
      "pitch" : 29.116100311279297
    },
    {
      "iteration" : 20,
      "pitch" : 29.104244232177734
    },
    {
      "iteration" : 21,
      "pitch" : 29.085048675537109
    },
    {
      "iteration" : 22,
      "pitch" : 29.180965423583984
    },
    {
      "iteration" : 23,
      "pitch" : 29.146659851074219
    },
    {
      "iteration" : 24,
      "pitch" : 29.035295486450195
    },
    {
      "iteration" : 25,
      "pitch" : 29.076459884643555
    }
  ]
}