{
  "entries" : [
    {
      "iteration" : 0
    },
    {
      "iteration" : 1,
      "pitch" : 102.79273986816406
    },
    {
      "iteration" : 2,
      "pitch" : 103.41041564941406
    },
    {
      "iteration" : 3,
      "pitch" : 103.90580749511719
    },
    {
      "iteration" : 4,
      "pitch" : 103.81318664550781
    },
    {
      "iteration" : 5,
      "pitch" : 103.69020080566406
    },
    {
      "iteration" : 6,
      "pitch" : 103.59603118896484
    },
    {
      "iteration" : 7,
      "pitch" : 103.88655090332031
    },
    {
      "iteration" : 8,
      "pitch" : 103.78992462158203
    },
    {
      "iteration" : 9,
      "pitch" : 103.49227905273438
    },
    {
      "iteration" : 10,
      "pitch" : 103.60686492919922
    },
    {
      "iteration" : 11,
      "pitch" : 103.75286865234375
    },
    {
      "iteration" : 12,
      "pitch" : 103.81488800048828
    },
    {
      "iteration" : 13,
      "pitch" : 103.59560394287109
    },
    {
      "iteration" : 14
    },
    {
      "iteration" : 15
    },
    {
      "iteration" : 16
    },
    {
      "iteration" : 17
    },
    {
      "iteration" : 18
    },
    {
      "iteration" : 19
    },
    {
      "iteration" : 20
    },
    {
      "iteration" : 21
    },
    {
      "iteration" : 22
    },
    {
      "iteration" : 23
    },
    {
      "iteration" : 24
    },
    {
      "iteration" : 25
    }
  ]
}