{
  "entries" : [
    {
      "iteration" : 0
    },
    {
      "iteration" : 1,
      "pitch" : 133.43624877929688
    },
    {
      "iteration" : 2,
      "pitch" : 130.82987976074219
    },
    {
      "iteration" : 3,
      "pitch" : 130.6605224609375
    },
    {
      "iteration" : 4,
      "pitch" : 130.6234130859375
    },
    {
      "iteration" : 5,
      "pitch" : 130.80484008789062
    },
    {
      "iteration" : 6,
      "pitch" : 130.40632629394531
    },
    {
      "iteration" : 7,
      "pitch" : 130.50730895996094
    },
    {
      "iteration" : 8,
      "pitch" : 130.53788757324219
    },
    {
      "iteration" : 9,
      "pitch" : 130.64076232910156
    },
    {
      "iteration" : 10,
      "pitch" : 130.55804443359375
    },
    {
      "iteration" : 11,
      "pitch" : 130.6126708984375
    },
    {
      "iteration" : 12,
      "pitch" : 130.62423706054688
    },
    {
      "iteration" : 13,
      "pitch" : 130.46830749511719
    },
    {
      "iteration" : 14,
      "pitch" : 130.64266967773438
    },
    {
      "iteration" : 15,
      "pitch" : 130.52651977539062
    },
    {
      "iteration" : 16,
      "pitch" : 130.67892456054688
    },
    {
      "iteration" : 17,
      "pitch" : 130.51296997070312
    },
    {
      "iteration" : 18
    },
    {
      "iteration" : 19
    },
    {
      "iteration" : 20
    },
    {
      "iteration" : 21
    },
    {
      "iteration" : 22
    },
    {
      "iteration" : 23
    },
    {
      "iteration" : 24
    },
    {
      "iteration" : 25
    }
  ]
}