{
  "entries" : [
    {
      "iteration" : 0
    },
    {
      "iteration" : 1,
      "pitch" : 80.204185485839844
    },
    {
      "iteration" : 2,
      "pitch" : 77.714340209960938
    },
    {
      "iteration" : 3,
      "pitch" : 77.27557373046875
    },
    {
      "iteration" : 4,
      "pitch" : 77.491668701171875
    },
    {
      "iteration" : 5,
      "pitch" : 77.590599060058594
    },
    {
      "iteration" : 6,
      "pitch" : 77.631568908691406
    },
    {
      "iteration" : 7,
      "pitch" : 77.482673645019531
    },
    {
      "iteration" : 8,
      "pitch" : 77.45989990234375
    },
    {
      "iteration" : 9,
      "pitch" : 77.540451049804688
    },
    {
      "iteration" : 10,
      "pitch" : 77.479469299316406
    },
    {
      "iteration" : 11,
      "pitch" : 77.652259826660156
    },
    {
      "iteration" : 12,
      "pitch" : 77.479644775390625
    },
    {
      "iteration" : 13,
      "pitch" : 77.395927429199219
    },
    {
      "iteration" : 14,
      "pitch" : 77.56707763671875
    },
    {
      "iteration" : 15,
      "pitch" : 77.426185607910156
    },
    {
      "iteration" : 16,
      "pitch" : 77.566764831542969
    },
    {
      "iteration" : 17,
      "pitch" : 77.355155944824219
    },
    {
      "iteration" : 18,
      "pitch" : 77.428703308105469
    },
    {
      "iteration" : 19,
      "pitch" : 77.63232421875
    },
    {
      "iteration" : 20,
      "pitch" : 77.480323791503906
    },
    {
      "iteration" : 21,
      "pitch" : 77.474189758300781
    },
    {
      "iteration" : 22,
      "pitch" : 77.409919738769531
    },
    {
      "iteration" : 23,
      "pitch" : 77.49884033203125
    },
    {
      "iteration" : 24,
      "pitch" : 77.623695373535156
    },
    {
      "iteration" : 25,
      "pitch" : 77.472282409667969
    }
  ]
}