{
  "entries" : [
    {
      "iteration" : 0
    },
    {
      "iteration" : 1
    },
    {
      "iteration" : 2,
      "pitch" : 48.93902587890625
    },
    {
      "iteration" : 3,
      "pitch" : 48.944480895996094
    },
    {
      "iteration" : 4,
      "pitch" : 49.072689056396484
    },
    {
      "iteration" : 5,
      "pitch" : 48.729007720947266
    },
    {
      "iteration" : 6,
      "pitch" : 49.031162261962891
    },
    {
      "iteration" : 7,
      "pitch" : 48.916542053222656
    },
    {
      "iteration" : 8,
      "pitch" : 48.977828979492188
    },
    {
      "iteration" : 9,
      "pitch" : 48.89227294921875
    },
    {
      "iteration" : 10,
      "pitch" : 48.883445739746094
    },
    {
      "iteration" : 11,
      "pitch" : 48.966209411621094
    },
    {
      "iteration" : 12,
      "pitch" : 48.808902740478516
    },
    {
      "iteration" : 13,
      "pitch" : 48.511745452880859
    },
    {
      "iteration" : 14,
      "pitch" : 48.887142181396484
    },
    {
      "iteration" : 15,
      "pitch" : 48.947601318359375
    },
    {
      "iteration" : 16,
      "pitch" : 48.945941925048828
    },
    {
      "iteration" : 17,
      "pitch" : 48.959053039550781
    },
    {
      "iteration" : 18,
      "pitch" : 48.976020812988281
    },
    {
      "iteration" : 19,
      "pitch" : 49.015693664550781
    },
    {
      "iteration" : 20,
      "pitch" : 48.959438323974609
    },
    {
      "iteration" : 21,
      "pitch" : 49.057094573974609
    },
    {
      "iteration" : 22,
      "pitch" : 48.929805755615234
    },
    {
      "iteration" : 23,
      "pitch" : 48.903553009033203
    },
    {
      "iteration" : 24
    },
    {
      "iteration" : 25
    }
  ]
}