{
  "entries" : [
    {
      "iteration" : 0
    },
    {
      "iteration" : 1,
      "pitch" : 467.7109375
    },
    {
      "iteration" : 2,
      "pitch" : 466.82174682617188
    },
    {
      "iteration" : 3,
      "pitch" : 466.9505615234375
    },
    {
      "iteration" : 4,
      "pitch" : 467.73703002929688
    },
    {
      "iteration" : 5,
      "pitch" : 466.6993408203125
    },
    {
      "iteration" : 6,
      "pitch" : 466.49270629882812
    },
    {
      "iteration" : 7,
      "pitch" : 467.37896728515625
    },
    {
      "iteration" : 8,
      "pitch" : 466.66049194335938
    },
    {
      "iteration" : 9,
      "pitch" : 467.34634399414062
    },
    {
      "iteration" : 10
    },
    {
      "iteration" : 11
    },
    {
      "iteration" : 12
    },
    {
      "iteration" : 13
    },
    {
      "iteration" : 14
    },
    {
      "iteration" : 15
    },
    {
      "iteration" : 16
    },
    {
      "iteration" : 17
    },
    {
      "iteration" : 18
    },
    {
      "iteration" : 19
    },
    {
      "iteration" : 20
    },
    {
      "iteration" : 21
    },
    {
      "iteration" : 22
    },
    {
      "iteration" : 23
    },
    {
      "iteration" : 24
    },
    {
      "iteration" : 25
    }
  ]
}