{
  "entries" : [
    {
      "iteration" : 0
    },
    {
      "iteration" : 1,
      "pitch" : 263.11077880859375
    },
    {
      "iteration" : 2,
      "pitch" : 262.27731323242188
    },
    {
      "iteration" : 3,
      "pitch" : 262.17825317382812
    },
    {
      "iteration" : 4,
      "pitch" : 261.8013916015625
    },
    {
      "iteration" : 5,
      "pitch" : 261.75735473632812
    },
    {
      "iteration" : 6,
      "pitch" : 261.71417236328125
    },
    {
      "iteration" : 7,
      "pitch" : 262.200439453125
    },
    {
      "iteration" : 8,
      "pitch" : 261.76046752929688
    },
    {
      "iteration" : 9,
      "pitch" : 261.68545532226562
    },
    {
      "iteration" : 10,
      "pitch" : 261.88858032226562
    },
    {
      "iteration" : 11,
      "pitch" : 261.6085205078125
    },
    {
      "iteration" : 12,
      "pitch" : 261.634521484375
    },
    {
      "iteration" : 13,
      "pitch" : 261.93365478515625
    },
    {
      "iteration" : 14
    },
    {
      "iteration" : 15
    },
    {
      "iteration" : 16
    },
    {
      "iteration" : 17
    },
    {
      "iteration" : 18
    },
    {
      "iteration" : 19
    },
    {
      "iteration" : 20
    },
    {
      "iteration" : 21
    },
    {
      "iteration" : 22
    },
    {
      "iteration" : 23
    },
    {
      "iteration" : 24
    },
    {
      "iteration" : 25
    }
  ]
}