{
  "entries" : [
    {
      "iteration" : 0
    },
    {
      "iteration" : 1,
      "pitch" : 94.629608154296875
    },
    {
      "iteration" : 2,
      "pitch" : 34.415977478027344
    },
    {
      "iteration" : 3,
      "pitch" : 34.582263946533203
    },
    {
      "iteration" : 4,
      "pitch" : 34.63421630859375
    },
    {
      "iteration" : 5,
      "pitch" : 34.636459350585938
    },
    {
      "iteration" : 6,
      "pitch" : 34.591335296630859
    },
    {
      "iteration" : 7,
      "pitch" : 34.591987609863281
    },
    {
      "iteration" : 8,
      "pitch" : 34.518074035644531
    },
    {
      "iteration" : 9,
      "pitch" : 34.642688751220703
    },
    {
      "iteration" : 10,
      "pitch" : 34.665309906005859
    },
    {
      "iteration" : 11,
      "pitch" : 34.582786560058594
    },
    {
      "iteration" : 12,
      "pitch" : 34.624732971191406
    },
    {
      "iteration" : 13,
      "pitch" : 34.626369476318359
    },
    {
      "iteration" : 14,
      "pitch" : 34.573665618896484
    },
    {
      "iteration" : 15,
      "pitch" : 34.588897705078125
    },
    {
      "iteration" : 16,
      "pitch" : 34.675983428955078
    },
    {
      "iteration" : 17,
      "pitch" : 34.676097869873047
    },
    {
      "iteration" : 18,
      "pitch" : 34.579875946044922
    },
    {
      "iteration" : 19,
      "pitch" : 34.775363922119141
    },
    {
      "iteration" : 20,
      "pitch" : 34.538322448730469
    },
    {
      "iteration" : 21,
      "pitch" : 34.603012084960938
    },
    {
      "iteration" : 22,
      "pitch" : 34.603786468505859
    },
    {
      "iteration" : 23,
      "pitch" : 34.535980224609375
    },
    {
      "iteration" : 24,
      "pitch" : 34.6343994140625
    },
    {
      "iteration" : 25,
      "pitch" : 34.582363128662109
    }
  ]
}